[INFO] [launch]: All log files can be found below /home/ainara/.ros/log/2026-04-16-00-49-54-183285-ainara-10428
[INFO] [launch]: Default logging verbosity is set to INFO
[INFO] [gazebo-1]: process started with pid [10432]
[INFO] [parameter_bridge-2]: process started with pid [10433]
[INFO] [create-3]: process started with pid [10435]
[INFO] [robot_state_publisher-4]: process started with pid [10438]
[INFO] [joint_state_publisher-5]: process started with pid [10439]
[INFO] [rgbd_odometry-6]: process started with pid [10440]
[INFO] [rtabmap-7]: process started with pid [10441]
[INFO] [ekf_node-8]: process started with pid [10442]
[INFO] [controller_server-9]: process started with pid [10443]
[INFO] [smoother_server-10]: process started with pid [10444]
[INFO] [planner_server-11]: process started with pid [10445]
[INFO] [behavior_server-12]: process started with pid [10446]
[INFO] [bt_navigator-13]: process started with pid [10447]
[INFO] [waypoint_follower-14]: process started with pid [10448]
[INFO] [lifecycle_manager-15]: process started with pid [10449]
[INFO] [velocity_smoother-16]: process started with pid [10450]
[INFO] [motors_command_parser_node-17]: process started with pid [10451]
[INFO] [vel_parser_node-18]: process started with pid [10452]
[INFO] [rviz2-19]: process started with pid [10453]
[velocity_smoother-16] [INFO] [1776293394.962608143] [velocity_smoother]: 
[velocity_smoother-16] 	velocity_smoother lifecycle node launched. 
[velocity_smoother-16] 	Waiting on external lifecycle transitions to activate
[velocity_smoother-16] 	See https://design.ros2.org/articles/node_lifecycle.html for more information.
[robot_state_publisher-4] [INFO] [1776293394.969984367] [robot_state_publisher]: Robot initialized
[waypoint_follower-14] [INFO] [1776293394.971441132] [waypoint_follower]: 
[waypoint_follower-14] 	waypoint_follower lifecycle node launched. 
[waypoint_follower-14] 	Waiting on external lifecycle transitions to activate
[waypoint_follower-14] 	See https://design.ros2.org/articles/node_lifecycle.html for more information.
[waypoint_follower-14] [INFO] [1776293394.972845683] [waypoint_follower]: Creating
[create-3] [INFO] [1776293394.974003894] [ros_gz_sim]: Requesting list of world names.
[bt_navigator-13] [INFO] [1776293394.980989574] [bt_navigator]: 
[bt_navigator-13] 	bt_navigator lifecycle node launched. 
[bt_navigator-13] 	Waiting on external lifecycle transitions to activate
[bt_navigator-13] 	See https://design.ros2.org/articles/node_lifecycle.html for more information.
[controller_server-9] [INFO] [1776293394.983647049] [controller_server]: 
[controller_server-9] 	controller_server lifecycle node launched. 
[controller_server-9] 	Waiting on external lifecycle transitions to activate
[controller_server-9] 	See https://design.ros2.org/articles/node_lifecycle.html for more information.
[bt_navigator-13] [INFO] [1776293394.986183925] [bt_navigator]: Creating
[parameter_bridge-2] [INFO] [1776293394.990166986] [ros_gz_bridge]: Creating GZ->ROS Bridge: [/clock (gz.msgs.Clock) -> /clock (rosgraph_msgs/msg/Clock)] (Lazy 0)
[behavior_server-12] [INFO] [1776293394.991543009] [behavior_server]: 
[behavior_server-12] 	behavior_server lifecycle node launched. 
[behavior_server-12] 	Waiting on external lifecycle transitions to activate
[behavior_server-12] 	See https://design.ros2.org/articles/node_lifecycle.html for more information.
[controller_server-9] [INFO] [1776293394.993253724] [controller_server]: Creating controller server
[lifecycle_manager-15] [INFO] [1776293394.993539276] [lifecycle_manager_navigation]: Creating
[smoother_server-10] [INFO] [1776293394.994341756] [smoother_server]: 
[smoother_server-10] 	smoother_server lifecycle node launched. 
[smoother_server-10] 	Waiting on external lifecycle transitions to activate
[smoother_server-10] 	See https://design.ros2.org/articles/node_lifecycle.html for more information.
[parameter_bridge-2] [INFO] [1776293394.995293042] [ros_gz_bridge]: Creating GZ->ROS Bridge: [/scan (gz.msgs.LaserScan) -> /scan (sensor_msgs/msg/LaserScan)] (Lazy 0)
[smoother_server-10] [INFO] [1776293394.998060427] [smoother_server]: Creating smoother server
[planner_server-11] [INFO] [1776293394.998971591] [planner_server]: 
[planner_server-11] 	planner_server lifecycle node launched. 
[planner_server-11] 	Waiting on external lifecycle transitions to activate
[planner_server-11] 	See https://design.ros2.org/articles/node_lifecycle.html for more information.
[ekf_node-8] [INFO] [1776293394.999831876] [ekf_filter_node]: Waiting for clock to start...
[lifecycle_manager-15] [INFO] [1776293395.001772285] [lifecycle_manager_navigation]: [34m[1mCreating and initializing lifecycle service clients[0m[0m
[parameter_bridge-2] [INFO] [1776293395.001954665] [ros_gz_bridge]: Creating GZ->ROS Bridge: [/camera/image (gz.msgs.Image) -> /camera/image (sensor_msgs/msg/Image)] (Lazy 0)
[planner_server-11] [INFO] [1776293395.002064858] [planner_server]: Creating
[controller_server-9] [INFO] [1776293395.003606470] [local_costmap.local_costmap]: 
[controller_server-9] 	local_costmap lifecycle node launched. 
[controller_server-9] 	Waiting on external lifecycle transitions to activate
[controller_server-9] 	See https://design.ros2.org/articles/node_lifecycle.html for more information.
[parameter_bridge-2] [INFO] [1776293395.003920643] [ros_gz_bridge]: Creating GZ->ROS Bridge: [/camera/depth_image (gz.msgs.Image) -> /camera/depth_image (sensor_msgs/msg/Image)] (Lazy 0)
[controller_server-9] [INFO] [1776293395.004523911] [local_costmap.local_costmap]: Creating Costmap
[parameter_bridge-2] [INFO] [1776293395.005563892] [ros_gz_bridge]: Creating GZ->ROS Bridge: [/camera/camera_info (gz.msgs.CameraInfo) -> /camera/camera_info (sensor_msgs/msg/CameraInfo)] (Lazy 0)
[parameter_bridge-2] [INFO] [1776293395.007742493] [ros_gz_bridge]: Creating GZ->ROS Bridge: [/camera/points (gz.msgs.PointCloudPacked) -> /camera/points (sensor_msgs/msg/PointCloud2)] (Lazy 0)
[parameter_bridge-2] [INFO] [1776293395.009723372] [ros_gz_bridge]: Creating GZ->ROS Bridge: [/imu (gz.msgs.IMU) -> /imu (sensor_msgs/msg/Imu)] (Lazy 0)
[parameter_bridge-2] [INFO] [1776293395.011896170] [ros_gz_bridge]: Creating GZ->ROS Bridge: [/cmd_vel (gz.msgs.Twist) -> /cmd_vel (geometry_msgs/msg/Twist)] (Lazy 0)
[planner_server-11] [INFO] [1776293395.012701279] [global_costmap.global_costmap]: 
[planner_server-11] 	global_costmap lifecycle node launched. 
[planner_server-11] 	Waiting on external lifecycle transitions to activate
[planner_server-11] 	See https://design.ros2.org/articles/node_lifecycle.html for more information.
[planner_server-11] [INFO] [1776293395.013513222] [global_costmap.global_costmap]: Creating Costmap
[create-3] [INFO] [1776293395.881329106] [ros_gz_sim]: Waiting messages on topic [robot_description].
[create-3] [INFO] [1776293395.894321718] [ros_gz_sim]: Entity creation successful.
[parameter_bridge-2] [WARN] [1776293395.898605609] [ros_gz_bridge]: New subscription discovered on topic '/scan', requesting incompatible QoS. No messages will be sent to it. Last incompatible policy: RELIABILITY_QOS_POLICY
[parameter_bridge-2] [WARN] [1776293395.911381525] [ros_gz_bridge]: New subscription discovered on topic '/camera/image_raw', requesting incompatible QoS. No messages will be sent to it. Last incompatible policy: RELIABILITY_QOS_POLICY
[joint_state_publisher-5] [INFO] [1776293395.939773863] [joint_state_publisher]: Waiting for robot_description to be published on the robot_description topic...
[lifecycle_manager-15] [INFO] [1776293396.022922731] [lifecycle_manager_navigation]: [34m[1mStarting managed nodes bringup...[0m[0m
[lifecycle_manager-15] [INFO] [1776293396.022986670] [lifecycle_manager_navigation]: [34m[1mConfiguring controller_server[0m[0m
[controller_server-9] [INFO] [1776293396.023630727] [controller_server]: Configuring controller interface
[controller_server-9] [INFO] [1776293396.023681991] [controller_server]: getting progress checker plugins..
[controller_server-9] [INFO] [1776293396.024127203] [controller_server]: getting goal checker plugins..
[controller_server-9] [INFO] [1776293396.024494223] [controller_server]: Controller frequency set to 20.0000Hz
[controller_server-9] [INFO] [1776293396.024728039] [local_costmap.local_costmap]: Configuring
[INFO] [create-3]: process has finished cleanly [pid 10435]
[INFO] [ros2-20]: process started with pid [10933]
[controller_server-9] [INFO] [1776293396.042289015] [local_costmap.local_costmap]: Using plugin "voxel_layer"
[controller_server-9] [INFO] [1776293396.052437904] [local_costmap.local_costmap]: Subscribed to Topics: rgbd_camera
[controller_server-9] [INFO] [1776293396.078771157] [voxel_grid]: Error, this implementation can only support up to 16 z values (40)
[controller_server-9] [INFO] [1776293396.078851541] [local_costmap.local_costmap]: Initialized plugin "voxel_layer"
[controller_server-9] [INFO] [1776293396.078895561] [local_costmap.local_costmap]: Using plugin "inflation_layer"
[controller_server-9] [INFO] [1776293396.079984044] [local_costmap.local_costmap]: Initialized plugin "inflation_layer"
[controller_server-9] [INFO] [1776293396.106930965] [controller_server]: Created progress_checker : progress_checker of type nav2_controller::SimpleProgressChecker
[controller_server-9] [INFO] [1776293396.107179900] [controller_server]: Controller Server has progress_checker  progress checkers available.
[controller_server-9] [INFO] [1776293396.107912745] [controller_server]: Created goal checker : goal_checker of type nav2_controller::SimpleGoalChecker
[controller_server-9] [INFO] [1776293396.108575650] [controller_server]: Controller Server has goal_checker  goal checkers available.
[controller_server-9] [INFO] [1776293396.110048983] [controller_server]: Created controller : FollowPath of type nav2_regulated_pure_pursuit_controller::RegulatedPurePursuitController
[controller_server-9] [INFO] [1776293396.117599327] [controller_server]: Controller Server has FollowPath  controllers available.
[lifecycle_manager-15] [INFO] [1776293396.130666929] [lifecycle_manager_navigation]: [34m[1mConfiguring smoother_server[0m[0m
[smoother_server-10] [INFO] [1776293396.131130101] [smoother_server]: Configuring smoother server
[smoother_server-10] [INFO] [1776293396.152765053] [smoother_server]: Created smoother : simple_smoother of type nav2_smoother::SimpleSmoother
[smoother_server-10] [INFO] [1776293396.153489041] [smoother_server]: Smoother Server has simple_smoother  smoothers available.
[lifecycle_manager-15] [INFO] [1776293396.164081756] [lifecycle_manager_navigation]: [34m[1mConfiguring planner_server[0m[0m
[planner_server-11] [INFO] [1776293396.164407350] [planner_server]: Configuring
[planner_server-11] [INFO] [1776293396.164450156] [global_costmap.global_costmap]: Configuring
[planner_server-11] [INFO] [1776293396.178951619] [global_costmap.global_costmap]: Using plugin "static_layer"
[planner_server-11] [INFO] [1776293396.184775837] [global_costmap.global_costmap]: Subscribing to the map topic (/map) with transient local durability
[planner_server-11] [INFO] [1776293396.188323082] [global_costmap.global_costmap]: Initialized plugin "static_layer"
[planner_server-11] [INFO] [1776293396.188381208] [global_costmap.global_costmap]: Using plugin "inflation_layer"
[planner_server-11] [INFO] [1776293396.189522868] [global_costmap.global_costmap]: Initialized plugin "inflation_layer"
[planner_server-11] [INFO] [1776293396.225121001] [planner_server]: Created global planner plugin GridBased of type nav2_smac_planner::SmacPlannerHybrid
[planner_server-11] [INFO] [1776293396.225176320] [planner_server]: Configuring GridBased of type SmacPlannerHybrid
[planner_server-11] [INFO] [1776293396.227836359] [planner_server]: Even sized heuristic lookup table size set 400.000000, increasing size by 1 to make odd
[gazebo-1] [INFO] [1776293397.424594814] [gz_ros_control]: Loading controller_manager
[gazebo-1] [INFO] [1776293397.440869230] [controller_manager]: Using ROS clock for triggering controller manager cycles.
[gazebo-1] [INFO] [1776293397.445352850] [controller_manager]: Subscribing to '/robot_description' topic for robot description.
[gazebo-1] [WARN] [1776293397.449086816] [gz_ros_control]: Waiting RM to load and initialize hardware...
[ros2-20] [INFO] [1776293397.723996795] [_ros2cli_10933]: waiting for service /controller_manager/list_controllers to become available...
[planner_server-11] [INFO] [1776293398.020477166] [planner_server]: Configured plugin GridBased of type SmacPlannerHybrid with maximum iterations 1000000, max on approach iterations 1000, and allowing unknown traversal. Tolerance 0.50.Using motion model: Dubin.
[planner_server-11] [INFO] [1776293398.020600493] [planner_server]: Planner Server has GridBased  planners available.
[lifecycle_manager-15] [INFO] [1776293398.038588333] [lifecycle_manager_navigation]: [34m[1mConfiguring behavior_server[0m[0m
[behavior_server-12] [INFO] [1776293398.039135438] [behavior_server]: Configuring
[behavior_server-12] [INFO] [1776293398.046590660] [behavior_server]: Creating behavior plugin spin of type nav2_behaviors::Spin
[behavior_server-12] [INFO] [1776293398.048429109] [behavior_server]: Creating behavior plugin backup of type nav2_behaviors::BackUp
[behavior_server-12] [INFO] [1776293398.051061845] [behavior_server]: Creating behavior plugin drive_on_heading of type nav2_behaviors::DriveOnHeading
[behavior_server-12] [INFO] [1776293398.052505809] [behavior_server]: Creating behavior plugin assisted_teleop of type nav2_behaviors::AssistedTeleop
[behavior_server-12] [INFO] [1776293398.055256749] [behavior_server]: Creating behavior plugin wait of type nav2_behaviors::Wait
[behavior_server-12] [INFO] [1776293398.070056527] [behavior_server]: Configuring spin
[behavior_server-12] [INFO] [1776293398.080281353] [behavior_server]: Configuring backup
[behavior_server-12] [INFO] [1776293398.087621901] [behavior_server]: Configuring drive_on_heading
[behavior_server-12] [INFO] [1776293398.098130163] [behavior_server]: Configuring assisted_teleop
[behavior_server-12] [INFO] [1776293398.109395373] [behavior_server]: Configuring wait
[lifecycle_manager-15] [INFO] [1776293398.121276204] [lifecycle_manager_navigation]: [34m[1mConfiguring bt_navigator[0m[0m
[bt_navigator-13] [INFO] [1776293398.121858671] [bt_navigator]: Configuring
[bt_navigator-13] [INFO] [1776293398.132743413] [bt_navigator]: Creating navigator id navigate_to_pose of type nav2_bt_navigator::NavigateToPoseNavigator
[bt_navigator-13] [WARN] [1776293398.139105405] [bt_navigator]: Error_code parameters were not set. Using default values of: follow_path_error_code compute_path_error_code
[bt_navigator-13] Make sure these match your BT and there are not other sources of error codes youreported to your application
[bt_navigator-13] [INFO] [1776293398.228329054] [bt_navigator]: Creating navigator id navigate_through_poses of type nav2_bt_navigator::NavigateThroughPosesNavigator
[lifecycle_manager-15] [INFO] [1776293398.266223333] [lifecycle_manager_navigation]: [34m[1mConfiguring waypoint_follower[0m[0m
[waypoint_follower-14] [INFO] [1776293398.266928086] [waypoint_follower]: Configuring
[waypoint_follower-14] [INFO] [1776293398.299154840] [waypoint_follower]: Created waypoint_task_executor : wait_at_waypoint of type nav2_waypoint_follower::WaitAtWaypoint
[lifecycle_manager-15] [INFO] [1776293398.300758052] [lifecycle_manager_navigation]: [34m[1mConfiguring velocity_smoother[0m[0m
[velocity_smoother-16] [INFO] [1776293398.301140213] [velocity_smoother]: Configuring velocity smoother
[lifecycle_manager-15] [INFO] [1776293398.309967793] [lifecycle_manager_navigation]: [34m[1mActivating controller_server[0m[0m
[controller_server-9] [INFO] [1776293398.310238374] [controller_server]: Activating
[controller_server-9] [INFO] [1776293398.310282015] [local_costmap.local_costmap]: Activating
[controller_server-9] [INFO] [1776293398.310297732] [local_costmap.local_costmap]: Checking transform
